// Jest Snapshot v1, https://goo.gl/fbAQLP

exports[`Renders Component Three Correctly 1`] = `
<View
  style={
    Object {
      "backgroundColor": "#1B1A24",
      "flex": 1,
    }
  }
>
  <View
    style={
      Object {
        "alignItems": "flex-end",
        "height": 66.7,
        "justifyContent": "center",
        "paddingRight": 20,
        "width": "100%",
      }
    }
  >
    <Text
      style={
        Object {
          "color": "#FFFFFF",
        }
      }
    >
      Input Data :
      
    </Text>
  </View>
  <View
    style={
      Object {
        "alignSelf": "center",
        "backgroundColor": "grey",
        "height": 133.4,
        "marginBottom": 10,
        "width": "90%",
      }
    }
  >
    <View
      accessible={true}
      focusable={true}
      onClick={[Function]}
      onResponderGrant={[Function]}
      onResponderMove={[Function]}
      onResponderRelease={[Function]}
      onResponderTerminate={[Function]}
      onResponderTerminationRequest={[Function]}
      onStartShouldSetResponder={[Function]}
      style={
        Object {
          "height": "100%",
          "justifyContent": "center",
          "opacity": 1,
          "width": "100%",
        }
      }
    >
      <Text
        style={
          Object {
            "textAlign": "center",
          }
        }
      >
        Go to screen one
      </Text>
    </View>
  </View>
  <View
    style={
      Object {
        "alignSelf": "center",
        "backgroundColor": "grey",
        "height": 133.4,
        "marginBottom": 10,
        "width": "90%",
      }
    }
  >
    <View
      accessible={true}
      focusable={true}
      onClick={[Function]}
      onResponderGrant={[Function]}
      onResponderMove={[Function]}
      onResponderRelease={[Function]}
      onResponderTerminate={[Function]}
      onResponderTerminationRequest={[Function]}
      onStartShouldSetResponder={[Function]}
      style={
        Object {
          "height": "100%",
          "justifyContent": "center",
          "opacity": 1,
          "width": "100%",
        }
      }
    >
      <Text
        style={
          Object {
            "textAlign": "center",
          }
        }
      >
        Go to screen two
      </Text>
    </View>
  </View>
  <View
    style={
      Object {
        "width": "100%",
      }
    }
  >
    <Text
      style={
        Object {
          "color": "#B2BE18",
          "textAlign": "center",
        }
      }
    >
      4 variations of a button
    </Text>
    <View
      style={
        Array [
          Object {
            "alignSelf": "center",
            "borderRadius": 10,
            "height": 93.38000000000001,
            "marginBottom": 10,
            "width": "90%",
          },
          undefined,
        ]
      }
    >
      <View
        accessible={true}
        focusable={false}
        onClick={[Function]}
        onResponderGrant={[Function]}
        onResponderMove={[Function]}
        onResponderRelease={[Function]}
        onResponderTerminate={[Function]}
        onResponderTerminationRequest={[Function]}
        onStartShouldSetResponder={[Function]}
        style={
          Object {
            "height": "100%",
            "justifyContent": "center",
            "opacity": 1,
            "width": "100%",
          }
        }
      >
        <Text
          style={
            Array [
              Object {
                "color": "#6E9ED0",
                "textAlign": "center",
              },
              undefined,
            ]
          }
          testID="btnText"
        >
          Press me
        </Text>
      </View>
    </View>
    <View
      style={
        Array [
          Object {
            "alignSelf": "center",
            "borderRadius": 10,
            "height": 93.38000000000001,
            "marginBottom": 10,
            "width": "90%",
          },
          Object {
            "backgroundColor": "#34434A",
          },
        ]
      }
    >
      <View
        accessible={true}
        focusable={false}
        onClick={[Function]}
        onResponderGrant={[Function]}
        onResponderMove={[Function]}
        onResponderRelease={[Function]}
        onResponderTerminate={[Function]}
        onResponderTerminationRequest={[Function]}
        onStartShouldSetResponder={[Function]}
        style={
          Object {
            "height": "100%",
            "justifyContent": "center",
            "opacity": 1,
            "width": "100%",
          }
        }
      >
        <Text
          style={
            Array [
              Object {
                "color": "#6E9ED0",
                "textAlign": "center",
              },
              undefined,
            ]
          }
          testID="btnText"
        >
          Press me
        </Text>
      </View>
    </View>
    <View
      style={
        Array [
          Object {
            "alignSelf": "center",
            "borderRadius": 10,
            "height": 93.38000000000001,
            "marginBottom": 10,
            "width": "90%",
          },
          Object {
            "backgroundColor": "#6EB1F7",
          },
        ]
      }
    >
      <View
        accessible={true}
        focusable={false}
        onClick={[Function]}
        onResponderGrant={[Function]}
        onResponderMove={[Function]}
        onResponderRelease={[Function]}
        onResponderTerminate={[Function]}
        onResponderTerminationRequest={[Function]}
        onStartShouldSetResponder={[Function]}
        style={
          Object {
            "height": "100%",
            "justifyContent": "center",
            "opacity": 1,
            "width": "100%",
          }
        }
      >
        <Text
          style={
            Array [
              Object {
                "color": "#6E9ED0",
                "textAlign": "center",
              },
              Object {
                "color": "#FFFFFF",
                "textAlign": "center",
              },
            ]
          }
          testID="btnText"
        >
          Press me
        </Text>
      </View>
    </View>
    <View
      style={
        Array [
          Object {
            "marginTop": 30,
            "width": "100%",
          },
        ]
      }
    >
      <View
        style={
          Object {
            "flex": 1,
            "justifyContent": "center",
          }
        }
      >
        <View
          style={
            Array [
              Object {
                "alignSelf": "center",
                "backgroundColor": "#1B1A24",
                "borderColor": "#3E464E",
                "borderRadius": 10,
                "borderWidth": 1,
                "height": 60,
                "width": "90%",
              },
            ]
          }
        >
          <View
            style={
              Array [
                Object {
                  "height": "100%",
                  "justifyContent": "center",
                  "position": "absolute",
                  "width": "100%",
                },
              ]
            }
          >
            <Text
              style={
                Array [
                  Object {
                    "color": "#FFFFFF",
                    "textAlign": "center",
                  },
                ]
              }
              testID="txtSlideText"
            >
              Slide me to continue
            </Text>
          </View>
          <View
            onMoveShouldSetResponder={[Function]}
            onMoveShouldSetResponderCapture={[Function]}
            onResponderEnd={[Function]}
            onResponderGrant={[Function]}
            onResponderMove={[Function]}
            onResponderReject={[Function]}
            onResponderRelease={[Function]}
            onResponderStart={[Function]}
            onResponderTerminate={[Function]}
            onResponderTerminationRequest={[Function]}
            onStartShouldSetResponder={[Function]}
            onStartShouldSetResponderCapture={[Function]}
            style={
              Object {
                "alignItems": "center",
                "backgroundColor": "rgba(110, 177, 247, 0.8)",
                "borderRadius": 10,
                "height": "100%",
                "justifyContent": "center",
                "width": "20%",
              }
            }
          >
            <View
              style={
                Object {
                  "alignSelf": "flex-end",
                  "backgroundColor": "#6EB1F7",
                  "borderRadius": 10,
                  "height": "100%",
                  "justifyContent": "center",
                  "overflow": "hidden",
                  "width": 133.92857142857144,
                }
              }
            >
              <Text
                allowFontScaling={false}
                style={
                  Array [
                    Object {
                      "color": undefined,
                      "fontSize": 20,
                    },
                    Object {
                      "color": "#FFFFFF",
                      "textAlign": "center",
                    },
                    Object {
                      "fontFamily": "FontAwesome",
                      "fontStyle": "normal",
                      "fontWeight": "normal",
                    },
                    Object {},
                  ]
                }
              >
                ïˆ™
              </Text>
            </View>
          </View>
        </View>
      </View>
    </View>
  </View>
</View>
`;
