// Jest Snapshot v1, https://goo.gl/fbAQLP

exports[`Renders Component Two Correctly 1`] = `
<View
  style={
    Object {
      "flex": 1,
    }
  }
>
  <View
    style={
      Object {
        "alignItems": "flex-end",
        "height": 66.7,
        "justifyContent": "center",
        "paddingRight": 20,
        "width": "100%",
      }
    }
  >
    <Text>
      Input Data :
      
    </Text>
  </View>
  <View
    style={
      Object {
        "alignSelf": "center",
        "backgroundColor": "grey",
        "height": 133.4,
        "marginBottom": 10,
        "width": "90%",
      }
    }
  >
    <View
      accessible={true}
      focusable={true}
      onClick={[Function]}
      onResponderGrant={[Function]}
      onResponderMove={[Function]}
      onResponderRelease={[Function]}
      onResponderTerminate={[Function]}
      onResponderTerminationRequest={[Function]}
      onStartShouldSetResponder={[Function]}
      style={
        Object {
          "height": "100%",
          "justifyContent": "center",
          "opacity": 1,
          "width": "100%",
        }
      }
      testID="btnScreenOne"
    >
      <Text
        style={
          Object {
            "textAlign": "center",
          }
        }
      >
        Go to screen one
      </Text>
    </View>
  </View>
  <View
    style={
      Object {
        "alignSelf": "center",
        "backgroundColor": "grey",
        "height": 133.4,
        "marginBottom": 10,
        "width": "90%",
      }
    }
  >
    <View
      accessible={true}
      focusable={true}
      onClick={[Function]}
      onResponderGrant={[Function]}
      onResponderMove={[Function]}
      onResponderRelease={[Function]}
      onResponderTerminate={[Function]}
      onResponderTerminationRequest={[Function]}
      onStartShouldSetResponder={[Function]}
      style={
        Object {
          "height": "100%",
          "justifyContent": "center",
          "opacity": 1,
          "width": "100%",
        }
      }
    >
      <Text
        style={
          Object {
            "textAlign": "center",
          }
        }
      >
        Go to screen three
      </Text>
    </View>
  </View>
</View>
`;
